#These are the additional packages that are not present in Slackware itself.
#Slackware's own packages have to be rsync'ed to $HOME/Desktop/slackmirror:
#rsync -aPSH --delete --exclude "*-iso/" --exclude "source" rsync://mirrors.kernel.org/slackware/slackware64-current .

#ffmpeg from AlienBOB - http://www.slackware.com/~alien/slackbuilds/ffmpeg/
ffmpeg

#Chromium from AlienBOB - http://www.slackware.com/~alien/slackbuilds/chromium
chromium
chromium-pepperflash-plugin

#cinelerra-cv - TODO: add repo on website
cinelerra
faac
faad2
imlib2
lame
libavc1394
libdv
libiec61883
libmp4v2
libquicktime
mjpegtools
opencv-legacy
x264

#cinelerra-cve
cinelerra-einar

#Cinelerra-HV from Heroine Virtual
cinelerra-hv

#Cinelerra 5.x
cinelerra-goodguy

#Cinelerra 4.1+CV merge from Johannes
cinelerra-j6t

#Cinelerra-akirad from Paolo
cinelerra-akirad

#combined package for useful tools
cinelerra-tools

#tragtor - http://mein-neues-blog.de/tragtor-gui-for-ffmpeg/
tragtor

#ladspa
ladspa_sdk
ladspa-swh-plugins

#This enables dynamic resolution and clipboard functionality in VirtualBox
virtualbox-addons
virtualbox-kernel-addons

#ffmultiplex
yad
ffmultiplex

#we need a userfriendly editor
gtksourceview
pygtksourceview
gedit

#user wishlist
ffdiaporama
#vapoursynth -> http://www.vapoursynth.com/ + QTGMC